// Jest Snapshot v1, https://goo.gl/fbAQLP

exports[`CategoryCard renders CategoryCard with link to category 1`] = `
<div>
  <div
    class="category test"
  >
    <a
      class="category-link"
      href="/books/test"
    >
      Test
    </a>
  </div>
</div>
`;
